# 第15章_锁

**Author**: `GaoFy`

**Reference**: `shk`

**Date**: `2022-06-21`

---

事务的==隔离性==由这章讲述的==锁==来实现。

## 1.概述

---

==锁==是计算机协调多个进程或线程==并发访问某一资源==的机制。在程序开发中会存在多线程同步的问题，当多个线程并发访问某个数据的时候，尤其是针对一些敏感的数据（比如订单、金额等），我们就需要保证这个数据在任何时刻==最多只有一个线程==在访问，保证数据的==完整性==和==一致性==。在开发过程中加锁是为了保证数据的一致性，这个思想在数据库领域中同样很重要。

在数据库中，除传统的计算资源（如CPU、RAM、I/O等）的争用以外，数据也是一种供许多用户共享的资源。为保证数据的一致性，需要对==并发操作进行控制==，因此产生了==锁==。同时==锁机制==也为实现`MySQL`的各个隔离级别提供了保证。==锁冲突==也是影响数据库==并发访问性能==的一个重要因素。所以锁对数据库而言显得尤其重要，也更加复杂。

## 2.MySQL并发事务访问相同记录

---

并发事务访问相同记录的情况大致可以划分为3种：

### 2.1 读·读情况

==读-读==情况，即并发事务相继==读取相同的记录==。读取操作本身不会对记录有任何影响，并不会引起什么问题，所以允许这种情况的发生。

### 2.2 写-写情况

==写-写==情况，即并发事务相继对相同的记录做出改动。

在这种情况下会发生==脏写==的问题，任何一种隔离级别都不允许这种问题的发生。所以在多个未提交事务相继对一条记录做改动时，需要让它们==排队执行==，这个排队的过程其实是通过==锁==来实现的。这个所谓的锁其实是一个==内存中的结构==，在事务执行前本身是没有锁的，也就是说一开始是没有==锁结构==和记录进行关联的，如图所示：

![image-20220621103953153](第15章_锁.assets\image-20220621103953153.png)

当一个事务向对这条记录做改动时，首先会看看内存中有没有与这条记录关联的==锁结构==，当没有时就会在内存中生成一个==锁结构==与之关联。比如，事务`T1`要对这条记录做改动，就需要生成一个==锁结构==与之关联：

![image-20220621104513299](第15章_锁.assets\image-20220621104513299.png)

在==锁结构==里有很多信息，为了简化理解，只把两个比较重要的属性拿了出来：

- `trx信息`：代表这个锁结构是哪个事务生成的。
- `is_waiting`：代表当前事务是否在等待。

当事务`T1`改动了这条记录后，就生成了一个==锁结构==与该记录关联，因为之前没有别的事务未这条记录加锁，所以`is_waiting`属性就是`false`，我们把这个场景称为==获取锁成功==，或==加锁成功==，然后就可以继续执行操作了。

在事务`T1`提交之前，另一个事务`T2`也想对该记录做改动，那么先看有没有==锁结构==与这条记录关联，发现有一个==锁结构==与之关联后，然后也生成了一个锁结构与这条记录关联，不过锁结构的`is_waiting`属性值为`true`，表示当前事务需要等待，我们把这个场景称为==获取锁失败==，或==加锁失败==，图示：

![image-20220621105002169](第15章_锁.assets\image-20220621105002169.png)

在事务`T1`提交之后，就会把该事务生成的==锁结构释放==掉，然后看还有没有别的事务在等待获取锁，发现了事务`T2`还在等待获取锁，所以把事务`T2`对应的锁结构的`is_waiting`属性设置为`false`，然后把该事务对应的线程唤醒，让它继续执行，此时事务`T2`就算获取到锁了。效果图就是这样：

![image-20220621105230327](第15章_锁.assets\image-20220621105230327.png)

小结几种说法：

- 不加锁

  意思就是不需要在内存中生成对应的==锁结构==，可以直接执行操作。

- 获取锁成功，或加锁成功

  意思就是在内存中生成了对应的==锁结构==，而且锁结构的`is_waiting`属性为`false`，也就是事务可以继续执行操作。

- 获取锁失败，或加锁失败，或没有获取到锁

  意思就是在内存中生成了对应的==锁结构==，不过锁结构的`is_waiting`属性为`true`，也就是事务需要等待，不可以继续执行操作。

### 2.3 读-写或写-读情况

==读-写==或==写-读==，即一个事务进行读取操作，另一个进行改动操作。这种情况下可能发生==脏读、不可重复读、幻读==的问题。

各个数据库厂商对`SQL标准`的支持都可能不一样。比如`MySQL`在`REPEATABLE READ`隔离级别上就已经解决了==幻读==问题。

### 2.4 并发问题的解决方案

怎么解决==脏读、不可重复读、幻读==这些问题呢？其实有两种可选的解决方案。

- 方案一：读操作利用多版本并发控制（MVCC），写操作进行==加锁==。

所谓的`MVCC`，就是生成一个`ReadView`，通过`ReadView`找到符合条件的记录版本（历史版本由`undo log`构建）。查询语句只能==读==到在生成`ReadView`之前==已提交事务所做的更改==，在生成`ReadView`之前未提交的事务或之后才开启的事务所做的更改是看不到的。而==写操作==肯定针对的是==最新版本的记录==，读记录的历史版本和改动记录的最新版本本身并不冲突，也就是采用`MVCC`时，==读-写==操作并不冲突。

> 普通的`SELECT`语句在`READ COMMITTED`和`REPEATABLE READ`隔离级别下会使用到`MVCC`读取记录。
>
> - 在`READ COMMITTED`隔离级别下，一个事务在执行过程中每次执行`SELECT`操作时都会生成一个`ReadView`，`ReadView`的存在本身就保证了==事务不可以读取到未提交的事务所做的更改==，也就是避免了脏读现象；
> - 在`REPEATABLE READ`隔离级别下，一个事务在执行过程中只有==第一次执行SELECT操作==才会生成一个`ReadView`，之后的`SELECT`操作都==复用==这个`ReadView`，这样也就避免了不可重复读和幻读的问题。

- 方案二：读、写操作都采用==加锁==的方式。

如果一些业务场景中不允许读取记录的旧版本，而是每次都必须去==读取记录的最新版本==。比如，在银行存款的事务中，需要先把账户的余额读出来，然后将其加上本次存款的数额，然后再写到数据库中。在将账户余额读取出来后，就不想让别的事务再访问该余额，直到本次存款事务执行完成，其他事务才可以访问账户的余额。这样在读取记录时就需要对其进行==加锁==操作，这样也就意味着==读==操作和==写==操作也像==写-写==操作那样==排队==执行。

==脏读==的产生是因为当前事务读取了另一个未提交事务写的一条记录，如果另一个事务在写记录的时候就给这条记录加锁，那么当前事务就无法继续取该记录了，所以也就不会有脏读问题的产生了。

==不可重复读==的产生是因为当前事务先读一条记录，另外一个事务对该记录做了改动并提交之后，当前事务再次读取时会获取不同的值，如果在当前事务读取记录时就给该记录加锁，那么另一个事务就无法修改该记录，自然也不会发生不可重复读了。

==幻读==问题的产生是因为当前事务读取了一个范围的记录，然后另外的事务向该范围内插入了新记录，当前事务再次读取该范围的记录时发现了新插入的新记录。采用加锁的方式解决幻读问题就有一些麻烦，因为当前事务在第一次读取记录时幻影记录并不存在，所以读取的时候加锁就有点尴尬（因为并不知道给谁加锁）。

- 小结对比发现：
  - 采用`MVCC`方式，==读-写==操作彼此并不冲突，==性能更高==。
  - 采用==加锁==方式，==读-写==操作彼此需要==排队执行==，影响性能。

一般情况下当然愿意采用`MVCC`来解决==读-写==操作并发执行的问题，但是业务在某些特殊情况下，要求必须采用==加锁==的方式执行。`MySQL`提供了不同类别的锁。

## 3.锁的不同角度分类

---

锁的分类图，如下：

![image-20220621113415770](第15章_锁.assets\image-20220621113415770.png)

### 3.1 从数据操作的类型划分：读锁、写锁

对于数据库中并发事务的==读-读==情况并不会引起什么问题。对于==写-写==、==读-写==或==写-读==这些情况可能会引起一些问题，需要使用`MVCC`或==加锁==的方式来解决它们。在使用==加锁==的方式解决问题时，由于既要允许==读-读==情况不受影响，又要使==写-写==、==读-写==或==写-读==情况中的操作==相互阻塞==，所以`MySQL`实现了一个由两种类型的锁组成的锁系统来解决。这两种类型的锁通常被称为**共享锁（Shared Lock, S Lock）**和**排他锁（Exclusive Lock, X Lock）**，也叫**读锁（readlock）**和**写锁（write lock）**。

- ==读锁==：也称为==共享锁==，英文用`S`表示。针对同一份数据，多个事务的读操作可以同时进行而不会相互影响，相互不阻塞。
- ==写锁==：也称为==排他锁==，英文用`X`表示。当前写操作没有完成前，它会阻断其他写锁和读锁。这样就能保证在给定的时间里，只有一个事务能执行写入，并防止其他用户读取正在写入的同一资源。

**需要注意的是对于`InnoDB`引擎来说，写锁和读锁可以加在表上，也可以加在行上**。

**举例（行级读写锁）**：如果一个事务T1已经获得了某个行r的读锁，那么此时另外一个事务T2是可以去获得这个行r的读锁的，因为读取操作并没有改变行r的数据；但是，如果某个事务T3想获得行r的写锁，则它必须等待事务T1、T2释放掉行r上的读锁才行。

总结：这里的兼容是指对同一张表或记录的锁的兼容性情况。

|      | X锁    | S锁      |
| ---- | ------ | -------- |
| X锁  | 不兼容 | 不兼容   |
| S锁  | 不兼容 | **兼容** |

#### 1.锁定读

在采用==加锁==方式解决==脏读、不可重复读、幻读==这些问题时，读取一条记录时需要获取该记录的==S锁==，其实是不严谨的，有时候需要在读取记录时就获取记录的==X锁==，来禁止别的事务读写该记录，为此`MySQL`提出了两种比较特殊的`SELECT`语句格式：

- 对读取的记录加==S锁==：

  ```mysql
  SELECT ... LOCK IN SHARE MODE;
  # 或
  SELECT ... FOR SHARE; # (8.0新增语法)
  ```

  在普通的`SELECT`语句后面加`LOCK IN SHARE MODE`，如果当前事务执行了该语句，那么它会为读取到的记录加==S锁==，这样允许别的事务继续获取这些记录的==S锁==（比方说别的事务也使用`SELECT ... LOCK IN SHARE MODE`语句来读取这些记录），但是不能获取这些记录的==X锁==（比如使用`SELECT ... FOR UPDATE`语句来读取这些记录，或直接修改这些记录）。如果别的事务想要获取这些记录的==X锁==，那么它们会阻塞，直到当前事务提交之后将这些记录上的==S锁==释放掉。

- 对读取的记录加==X锁==：

  ```mysql
  SELECT ... FOR UPDATE;
  ```

  在普通的`SELECT`语句后面加`FOR UPDATE`，如果当前事务执行了该语句，那么它会为读取到的记录加==X锁==，这样即不允许别的事务获取这些记录的==S锁==（比方说别的事务使用`SELECT ... LOCK IN SHARE MODE`语句来读取这些记录），也不允许获取这些记录的==X锁==（比如使用`SELECT ... FOR UPDATE`语句来读取这些记录，或直接修改这些记录）。如果别的事务想获取这些记录的==S锁==或==X锁==，那么它们会阻塞，直到当前事务提交之后将这些记录上的==X锁==释放掉。

**`MySQL 8.0`新特性**：

在`5.7`及之前的版本，`SELECT ... FOR UPDATE`，如果获取不到锁，会一直等待，直到`innodb_lock_wait_timeout`超时，在`8.0`版本中，`SELECT ... FOR UPDATE, SELECT ... FOR SHARE`添加`NOWAIT、SKIP LOCKED`语法，跳过锁等待，或跳过锁定。

- 通过添加`NOWAIT、SKIP LOCKED`语法，能够立即返回。如果查询的行已经加锁：

  - 那么`NOWAIT`会立即报错返回
  - 而`SKIP LOCKED`也会立即返回，只是返回的结果中不包含被锁定的行

  ```mysql
  # session1:
  mysql> begin;
  mysql> select * from t1 where c1 = 2 for update;
  +------+-------+
  | c1   | c2    |
  +------+-------+
  |    2 | 60530 |
  |    2 | 24678 |
  +------+-------+
  2 rows in set (0.00 sec)
  
  # session2:
  mysql> select * from t1 where c1 = 2 for update nowait;
  ERROR 3571 (HY000): Statement aborted because lock(s) could not be acquired immediately and NOWAIT is set.
  mysql> select * from t1 where c1 = 2 for update skip locked;
  Empty set (0.00 sec)
  ```

#### 2.写操作

平常所用到的==写操作==无非是`DELETE, UPDATE, INSERT`这三种：

- `DELETE`：

  对一条记录做`DELETE`操作的过程其实是先在`B+Tree`中定位到这条记录的位置，然后获取这条记录的==X锁==，再执行`delete mark`操作。也可以把这个定位待删除记录在`B+Tree`中位置的过程看成是一个获取==X锁==的==锁定读==。

- `UPDATE`：在对一条记录做`UPDATE`操作时分三种情况：

  - 情况1：未修改该记录的键值，并且被更新的列占用的存储空间在修改前后未发生变化。

    则先在`B+Tree`中定位到这条记录的位置，然后再获取一下记录的==X锁==，最后在原记录的位置进行修改操作，我们也可以把这个定位待修改记录在`B+Tree`中位置的过程看成一个获取==X锁==的==锁定读==。

  - 情况2：未修改该记录的键值，并且至少有一个被更新的列占用的存储空间在修改前后发生变化。

    则先在`B+Tree`中定位到这条记录的位置，然后获取一下记录的==X锁==，将该记录彻底删除掉（就是把记录彻底移入垃圾链表），最后再插入一条新记录。这个定位待修改记录在`B+Tree`中位置的过程看成是一个获取==X锁==的==锁定读==，新插入的记录由`INSERT`操作提供的==隐式锁==进行保护。

  - 情况3：修改了该记录的键值，则相当于在原记录上做`DELETE`操作之后再来一次`INSERT`操作，加锁操作就需要按照`DELETE`和`INSERT`的规则进行了。

- `INSERT`：

  一般情况下，新插入一条记录的操作并不加锁，通过一种称为==隐式锁==的结构来保护这条新插入的记录在本事务提交前不被别的事务访问。

### 3.2 从数据操作的粒度划分：表级锁、页级锁、行锁

为了尽可能提高数据库的并发度，每次锁定的数据范围越小越好，理论上每次只锁定当前操作的数据的方案会得到最大的并发度，但是管理锁是很==耗资源==的事情（涉及获取、检查、释放锁等动作）。因此数据库系统需要在==高并发响应==和==系统性能==两方面进行平衡，这样就产生了"==锁粒度（Lock granularity）=="的概念。

对一条记录加锁影响的也只是这条记录而已，就说这个锁的粒度比较细；其实一个事务也可以在==表级别==进行加锁，自然就被称为==表级锁==或==表锁==，对一个表加锁影响整个表中的记录，我们就说这个锁的粒度比较粗。锁的粒度主要分为表级锁、页级锁和行锁。

#### 1.表锁（Table Lock）

该锁会锁定整个表，它是`MySQL`中最基本的锁策略，并==不依赖于存储引擎==（不管是`MySQL`的什么存储引擎，对于表锁的策略都是一样的），并且表锁是==开销最小==的策略（因为粒度比较大）。由于表级锁一次会将整个表锁定，所以可以很好的==避免死锁==问题。当然，锁的粒度大所带来最大的负面影响就是出现锁资源争用的概率也会最高，导致==并发率大打折扣==。

##### ① 表级锁的S锁、X锁

在对某个表执行`SELECT, INSERT, DELETE, UPDATE`语句时，`InnoDB`存储引擎是不会为这个表添加表级别的==S锁==或==X锁==的。在对某个表执行一些诸如`ALTER TABLE, DROP TABLE`这类的`DDL`语句时，其他事务对这个表并发执行诸如`SELECT, INSERT, DELETE, UPDATE`的语句会发生阻塞。同理，某个事务中对某个表执行`SELECT, INSERT, DELETE, UPDATE`语句时，在其他会话中对这个表执行`DDL`语句也会发生阻塞。这个过程其实是通过在`server层`使用一种称为==元数据锁==（英文名：`Metadata Locks`，简称`MDL`）结构来实现的。

一般情况下，不会使用`InnoDB`存储引擎提供的表级别的==S锁==和==X锁==。只会在一些特殊情况下，比方说==崩溃恢复==过程中用到。比如，在系统变量`autocommit=0, innodb_table_locks = 1`时，==手动==获取`InnoDB`存储引擎提供的表t的==S锁==或==X锁==可以这么写：

- `LOCK TABLES t READ`：`InnoDB`存储引擎会对表`t`加表级别的==S锁==。
- `LOCK TABLES t WRITE`：`InnoDB`存储引擎会对表`t`加表级别的==X锁==。

不过尽量避免在使用`InnoDB`存储引擎的表上使用`LOCK TABLES`这样的手动锁表语句，它们并不会提供什么额外的保护，只是会降低并发能力而已。`InnoDB`的厉害之处还是实现了更细粒度的==行锁==，关于`InnoDB`表级别的==S锁==和==X锁==大家了解一下就可以了。

**举例**：讲解`MyISAM`引擎下的表锁。

步骤1：创建表并添加数据

```mysql
create table mylock(
	id int not null primary key auto_increment,
    `name` varchar(20)
)engine=myisam;

# 插入一条数据
insert into mylock(`name`) values('a');

# 查询表中所有的数据
select * from mylock;
```

步骤2：查看表上加过的锁

```mysql
show open tables; # 主要关注 In_use 字段的值
# 或
show open tables where In_use > 0;
```

```mysql
mysql> show open tables;
+--------------------+---------------------------+--------+-------------+
| Database           | Table                     | In_use | Name_locked |
+--------------------+---------------------------+--------+-------------+
| information_schema | VIEWS                     |      0 |           0 |
| atguigudb3         | test2                     |      0 |           0 |
| mysql              | routines                  |      0 |           0 |
| information_schema | ROUTINES                  |      0 |           0 |
| mysql              | table_stats               |      0 |           0 |
| mysql              | check_constraints         |      0 |           0 |
| mysql              | view_table_usage          |      0 |           0 |
| mysql              | tables_priv               |      0 |           0 |
| mysql              | column_type_elements      |      0 |           0 |
| mysql              | parameters                |      0 |           0 |
| mysql              | foreign_key_column_usage  |      0 |           0 |
| mysql              | time_zone_name            |      0 |           0 |
| mysql              | foreign_keys              |      0 |           0 |
| atguigudb3         | mylock                    |      0 |           0 |
| mysql              | db                        |      0 |           0 |
| performance_schema | session_status            |      0 |           0 |
| information_schema | SCHEMATA                  |      0 |           0 |
| mysql              | index_column_usage        |      0 |           0 |
| mysql              | schemata                  |      0 |           0 |
| information_schema | TABLES                    |      0 |           0 |
| mysql              | table_partitions          |      0 |           0 |
| mysql              | index_partitions          |      0 |           0 |
| mysql              | indexes                   |      0 |           0 |
| mysql              | user                      |      0 |           0 |
| mysql              | func                      |      0 |           0 |
| mysql              | table_partition_values    |      0 |           0 |
| mysql              | server_cost               |      0 |           0 |
| mysql              | time_zone_transition      |      0 |           0 |
| mysql              | triggers                  |      0 |           0 |
| mysql              | slave_worker_info         |      0 |           0 |
| mysql              | tables                    |      0 |           0 |
| mysql              | view_routine_usage        |      0 |           0 |
| mysql              | gtid_executed             |      0 |           0 |
| mysql              | engine_cost               |      0 |           0 |
| mysql              | columns_priv              |      0 |           0 |
| mysql              | columns                   |      0 |           0 |
| mysql              | component                 |      0 |           0 |
| mysql              | slave_relay_log_info      |      0 |           0 |
| mysql              | procs_priv                |      0 |           0 |
| mysql              | proxies_priv              |      0 |           0 |
| mysql              | role_edges                |      0 |           0 |
| mysql              | default_roles             |      0 |           0 |
| mysql              | global_grants             |      0 |           0 |
| mysql              | password_history          |      0 |           0 |
| mysql              | character_sets            |      0 |           0 |
| mysql              | time_zone_leap_second     |      0 |           0 |
| information_schema | PARAMETERS                |      0 |           0 |
| mysql              | time_zone                 |      0 |           0 |
| mysql              | slave_master_info         |      0 |           0 |
| mysql              | tablespaces               |      0 |           0 |
| mysql              | time_zone_transition_type |      0 |           0 |
| mysql              | servers                   |      0 |           0 |
| performance_schema | session_variables         |      0 |           0 |
| information_schema | COLUMNS                   |      0 |           0 |
| mysql              | events                    |      0 |           0 |
| mysql              | column_statistics         |      0 |           0 |
| mysql              | catalogs                  |      0 |           0 |
| mysql              | collations                |      0 |           0 |
+--------------------+---------------------------+--------+-------------+
58 rows in set (0.00 sec)

mysql> show open tables where In_use > 0;
Empty set (0.00 sec)
```

上面结果表明，当前数据库中没有被锁定的表。

步骤3：手动增加表锁命令

```mysql
lock tables t read; # 存储引擎会对表t加表级别的共享锁。
lock tables t write; # 存储引擎会对表t加表级别的排他锁。
```

比如：

```mysql
mysql> lock tables mylock write;
Query OK, 0 rows affected (0.00 sec)

mysql> show open tables where In_use > 0;
+------------+--------+--------+-------------+
| Database   | Table  | In_use | Name_locked |
+------------+--------+--------+-------------+
| atguigudb3 | mylock |      1 |           0 |
+------------+--------+--------+-------------+
1 row in set (0.00 sec)
```

步骤4：释放表锁

```mysql
unlock tables; # 使用此命令释放当前加锁的表
```

比如：

```mysql
mysql> unlock tables;
Query OK, 0 rows affected (0.00 sec)

mysql> show open tables where In_use > 0;
Empty set (0.00 sec)
```

演示（略）

总结；

`MyISAM`在执行查询语句（SELECT）前，会给涉及的所有表加读锁，在执行增删改操作前，会给涉及的表加写锁。`InnoDB`存储引擎是不会为这个表添加表级别的==读锁==或==写锁==的。

`MySQL`的表级锁由两种模式：（以`MyISAM`表进程操作的演示）

- 表共享读锁（Table Read Lock）
- 表独占写锁（Table Write Lock）

| 锁类型 | 自己可读 | 自己可写 | 自己可以操作其他表 | 他人可读 | 他人可写 |
| ------ | -------- | -------- | ------------------ | -------- | -------- |
| 读锁   | 是       | 否       | 否                 | 否       | 否，等   |
| 写锁   | 是       | 是       | 否                 | 否，等   | 否，等   |

##### ② 意向锁（intention lock）

`InnoDB`支持==多粒度锁（multiple granularity locking）==，它允许==行级锁==与==表级锁==共存，而**意向锁**就是其中的一种==表锁==。

1. 意向锁的存在是为了协调行锁和表锁的关系，支持多粒度（表锁与行锁）的锁并存。
2. 意向锁是一种==不与行级锁冲突的表级锁==，这一点非常重要。
3. 表明"某个事务正在某些行持有了锁或该事务准备去持有锁"。

意向锁分为两种：

- **意向共享锁**（intention shared lock, IS）：事务有意向对表中某些行加**共享锁**（S锁）

  ```mysql
  -- 事务要获取某些行的 S 锁，必须先获得表的 IS 锁。
  select column from table ... lock in share mode;
  ```

- **意向排他锁**（intention exclusive lock, IX）：事务有意向对表中的某些行加**排他锁**（X锁）

  ```mysql
  -- 事务要获取某些行的 X 锁，必须先获得表的 IX 锁。
  select  column from table ... for update;
  ```

即：意向锁是由存储引擎==自己维护的==，用户无法手动操作意向锁，在为数据行加共享/排他锁之前，`InnoDB`会先获取该数据行==所在数据表的对应意向锁==。

**1.意向锁要解决的问题**

现在有两个事务，分别是T1和T2，其中T2试图在该表级别上应用共享或排他锁，如果没有意向锁存在，那么T2就需要去检查各个页或行是否存在锁；如果存在意向锁，那么此时就会受到由T1控制的==表级别意向锁的阻塞==。T2在锁定该表前不必检查各个页或行锁，而只需检查表上的意向锁。简单来说就是给更大一级别的空间示意里面是否已经上过锁。

在数据表的场景中，**如果给某一行数据加上了排他锁，数据库会自动给更大一级的空间，比如数据页或数据表加上意向锁，告诉其他人这个数据页或数据表已经有人上过排他锁了**，这样当其他人想要获取数据表排他锁的时候，只需要了解是否有人已经获取了这个数据表的意向排他锁即可。

- 如果事务想要获得数据表中某些记录的共享锁，就需要在数据表上==添加意向共享锁==。
- 如果事务想要获得数据表中某些记录的排他锁，就需要在数据表上==添加意向排他锁==。

这时，意向锁会告诉其他事务已经有人锁定了表中的某些记录。

**举例**：创建表`teacher`，插入6条数据，事务的隔离级别默认为`REPEATABLE-READ`，如下所示：

```mysql
create table teacher(
	id int not null primary key,
    `name` varchar(255) not null
);

insert into teacher values
(1, 'zhangsan'),
(2, 'lisi'),
(3, 'wangwu'),
(4, 'zhaoliu'),
(5, 'songhongkang'),
(6, 'leifengyang');
```

```mysql
mysql> select @@transaction_isolation;
+-------------------------+
| @@transaction_isolation |
+-------------------------+
| REPEATABLE-READ         |
+-------------------------+
1 row in set (0.00 sec)
```

假设事务A获取了某一行的排他锁，并未提交，语句如下：

```mysql
begin;

select * from teacher where id = 6 for update;
```

事务B想要获取`teacher`表中的表读锁，语句如下：

```mysql
begin;

lock tables teacher read;
```

因为共享锁与排他锁互斥，所以事务B在试图对`teacher`表加共享锁的时候，必须保证两个条件。

（1）当前没有其他事务持有`teacher`表的排他锁

（2）当前没有其他事务持有`teacher`表中任意一行的排他锁。

为了检测是否满足第二个条件，事务B必须在确保`teacher`表不存在任何排他锁的前提下，去检测表中的每一行是否存在排他锁。很明显这是一个效率很差的做法，但是有了意向锁之后，情况就不一样了。

意向锁是怎么解决这个问题的呢？首先，需要知道意向锁之间的兼容互斥性，如下所示：

|                  | 意向共享锁（IS） | 意向排他锁（IX） |
| ---------------- | ---------------- | ---------------- |
| 意向共享锁（IS） | 兼容             | 兼容             |
| 意向排他锁（IX） | 兼容             | 兼容             |

即意向锁之间是互相兼容的，虽然意向锁和自家兄弟相互兼容，但是它会与普通的排他/共享锁互斥。

|             | 意向共享锁（IS） | 意向排他锁（IX） |
| ----------- | ---------------- | ---------------- |
| 共享锁（S） | 兼容             | 互斥             |
| 排他锁（X） | 互斥             | 互斥             |

注意这里的排他/共享锁指的都是表锁，意向锁不会与行级的共享/排他锁互斥。回到刚才`teacher`表的例子。事务A获取了某一行的排他锁，并未提交：

```mysql
begin;

select * from teacher where id = 6 for update;
```

此时`teacher`表存在两把锁：`teacher`表上的意向排他锁与id为6的数据行上的排他锁。事务B想要获取`teacher`表的共享锁。

```mysql
begin;

lock tables teacher read;
```

此时事务B检测事务A持有`teacher`表的意向排他锁，就可以得知事务A必然持有该表中某些数据行的排他锁，那么事务B对`teacher`表的加锁请求就会被排斥（阻塞），而无需去检测表中的每一行数据是否存在排他锁。

**意向锁的并发性**

意向锁不会与行级的共享/排他锁互斥！正因为如此，意向锁并不会影响到多个事务对不同数据行加排他锁时的并发性。（不然直接用普通的表锁就行了）

扩展上面`teacher`表的例子来概括一下意向锁的作用（一条数据从被锁定到被释放的过程中，可能存在多种不同锁，但是这里只着重表现意向锁）。

事务A先获取了某一行的排他锁，并未提交：

```mysql
begin;

select * from teacher where id = 6 for update;
```

事务A获取`teacher`表上的意向排他锁，事务A获取了id为6的数据行上的排他锁。之后事务B想要获取`teacher`表的共享锁。

```mysql
begin;

lock tables teacher read;
```

事务B检测到事务A持有`teacher`表的意向排他锁。事务B对`teacher`表的加锁请求被阻塞（排斥）。最后事务C也想获取`teacher`表中某一行的排他锁。

```mysql
begin;

select * from teacher where id = 5 for update;
```

事务C申请`teacher`表的意向排他锁。事务C检测到事务A持有`teacher`表的意向排他锁。因为意向锁之间并不互斥，所以事务C获取到了`teacher`表的意向排他锁。因为id为5的数据行上不存在任何排他锁，最终事务C成功获取到了该数据行上的排他锁。

**从上面的案例可以得到如下结论**：

1. `InnoDB`支持==多粒度锁==，特定场景下，行级锁可以与表级锁共存。
2. 意向锁之间不互斥，但除了`IS`与`S`兼容外，==意向锁会与共享锁/排他锁互斥==。
3. `IX, IS`是表级锁，不会和行级的`X, S`锁发生冲突。只会和表级的`X, S`发生冲突。
4. 意向锁在保证并发性的前提下，实现了==行锁和表锁共存==且==满足事务隔离性==的要求。

##### ③ 自增锁（AUTO-INC锁）

在使用`MySQL`过程中，可以为表的某个列添加`AUTO_INCREMENT`属性。举例：

```mysql
create table teacher(
	id int not null primary key auto_increment,
    `name` varchar(255) not null
);
```

由于这个表的id字段声明了`AUTO_INCREMENT`，意味着在书写插入语句时不需要为其赋值，`SQL`语句如下所示：

```mysql
insert into teacher(`name`) values('zhangsan'),('lisi');
```

上面的插入语句并没有为id列显式赋值，所以系统会自动为它赋予递增的值，结果如下所示：

```mysql
mysql> select * from teacher;
+----+----------+
| id | name     |
+----+----------+
|  1 | zhangsan |
|  2 | lisi     |
+----+----------+
2 rows in set (0.01 sec)
```

现在看到上面插入数据只是一种简单的插入模式，所有插入数据的方式总共分为三类，分别是`Simple inserts, Bulk inserts, Mixed-mode inserts`。

**1."Simple inserts"（简单插入）**

可以==预先确定要插入的行数==（当语句被初始处理时）的语句。包括没有嵌套子查询的单行和多行`INSERT ... VALUES()`和`REPLACE`语句。比如上面举的例子就属于该类插入，已经确定要插入的行数。

**2."Bulk inserts"（批量插入）**

==事先不知道要插入的行数==（和所需自动递增值的数量）的语句。比如`INSERT ... SELECT, REPLACE ... SELECT`和`LOAD DATA`语句，但不包括纯`INSERT`。`InnoDB`在每处理一行，为`AUTO_INCREMENT`列分配一个新值。

**3."Mixed-mode inserts"（混合模式插入）**

这些是"Simple inserts"语句但是指定部分新行的自动递增值。例如`INSERT INTO teacher(id,name) VALUES(1,'a'),(NULL,'b'),(5,'c'),(NULL,'d');`只是指定了部分id的值。另一种类型的"混合模式插入"是`INSERT ... ON DUPLICATE KEY UPDATE`。

对于上面数据插入的案例，`MySQL`中采用了==自增锁==的方式来实现，**AUTO-INC锁是当向使用含有AUTO_INCREMENT列的表中插入数据时需要获取的一种特殊的表级锁**，在执行插入语句时就在表级别加一个`AUTO-INC`锁，然后为每条待插入记录的`AUTO_INCREMENT`修饰的列分配递增的值，在该语句执行结束后，再把`AUTO-INC`锁释放掉。**一个事务在持有AUTO-INC锁的过程中，其他事务的插入语句都要被阻塞**，可以保证一个语句中分配的递增值是连续的。也正因为如此，其并发性显然并不高，**当向一个有AUTO_INCREMENT关键字的主键插入值的时候，每条语句都要对这个表锁进行竞争**，这样的并发潜力其实是很低下的，所以`InnoDB`通过`innodb_autoinc_lock_mode`的不同取值来提供不同的锁定机制，来显著提高`SQL`语句的可伸缩性和性能。

`innodb_autoinc_lock_mode`有三种取值，分别对应与不同锁定模式：

==（1）innodb_autoinc_lock_mode = 0 （"传统"锁定模式）==

在此锁定模式下，所有类型的`insert`语句都会获得一个特殊的表级`AUTO-INC`锁，用于插入具有`AUTO_INCREMENT`列的表。这种模式其实就如我们上面的例子，即每当执行`insert`的时候，都会得到一个表级锁（AUTO-INC锁），使得语句中生成的`AUTO_INCREMENT`为顺序，且在`binlog`中重放的时候，可以保证`master`与`slave`中数据的`auto_increment`是相同的。因为是表级锁，当在同一时间多个事务中执行`insert`的时候，对于`AUTO-INC`锁的争夺会==限制并发==能力。

==（2）innodb_autoinc_lock_mode = 1 （"连续"锁定模式）==

在`MySQL 8.0`之前，连续锁定模式是==默认==的。

在这个模式下，"bulk inserts"仍然使用`AUTO-INC`表级锁，并保持到语法结束。这适用于所有`INSERT ... SELECT, REPLACE ... SELECT`和`LOAD DATA`语句。同一时刻只有一个语句可以持有`AUTO-INC`锁。

对于"Simple inserts"（要插入的行数事先已知），则通过在`mutex（轻量锁）`的控制下获得所需数量的自增值来避免表级`AUTO-INC`锁，它只在分配过程的持续时间内报出，而不是直到语句完成。不使用表级`AUTO-INC`锁，除非`AUTO-INC`锁由另一个事务保持。如果另一个事务保持`AUTO-INC`锁，则"Simple inserts"等待`AUTO-INC`锁，如同它是一个"bulk inserts"。

==（3）innodb_autoinc_lock_mode = 2 （"交错"锁定模式）==

从`MySQL 8.0`开始，交错锁模式是==默认==设置。

在这种锁定模式下，所有类`INSERT`语句都不会使用表级`AUTO-INC`锁，并且可以同时执行多个语句。这是最快和最可扩展的锁定模式，但是当使用基于语句的复制或恢复方案时，**从二进制日志重播SQL语句时，这是不安全的**。

在此锁定模式下，自动递增值==保证==在所有并发执行的所有类型的`INSERT`语句中是==唯一==且==单调递增==的。但是，由于多个语句可以同时生成数字（即，跨语言交叉编号），**为任何给定语句插入的行生成的值可能不是连续的**。

如果执行的语句是"Simple inserts"，其中要插入的行数已提前知道，除了"Mixed-mode inserts"以外，为单个语句生成的数字不会有间隙。然而，当执行"bulk inserts"时，在由任何给定语句分配的自动递增值中可能存在间隙。

##### ④ 元数据锁（MDL锁）

`MySQL 5.5`引入了`meta data lock`，简称`MDL`锁，属于表锁范畴。MDL的作用是，保证读写的正确性。比如，如果一个查询正在遍历一个表中的数据，而执行期间另一个线程对这个==表结构做变更==，增加了一列，那么查询线程拿到的结果跟表结构对不上，肯定是不行的。

因此，**当对一个表做增删改查操作时，加MDL读锁；当要对表做结构变更操作时，加MDL写锁**。

读锁之间不互斥，因此可以有多个线程同时对一张表增删改查。读写锁之间、写锁之间是互斥的，用来保证变更表结构操作的安全性，解决了DML和DDL操作之间的一致性问题。==不需要显式使用==，在访问一个表的时候会被自动加上。

**举例：元数据锁的使用场景模拟**

**会话A**：从表中查询数据

```mysql
mysql> begin;
Query OK, 0 rows affected (0.00 sec)

mysql> select count(1) from teacher;
+----------+
| count(1) |
+----------+
|        2 |
+----------+
1 row in set (0.00 sec)
```

**会话B**：修改表结构，增加新列

```mysql
mysql> begin;
Query OK, 0 rows affected (0.00 sec)

mysql> alter table teacher add age int not null;

```

**会话C**：查看当前`MySQL`的进程

```mysql
mysql> show processlist;
```

![image-20220621165439721](第15章_锁.assets\image-20220621165439721.png)

通过会话C可以看出会话B被阻塞，这是由于会话A拿到了`teacher`表的元数据读锁，会话B想申请`teacher`表的元数据写锁，由于读写锁互斥，会话B需要等待会话A释放元数据锁才能执行。

**元数据锁可能带来的问题**

| Session A                    | Session B                        | Session C              |
| ---------------------------- | -------------------------------- | ---------------------- |
| begin;select * from teacher; |                                  |                        |
|                              | alter table teacher add age int; |                        |
|                              |                                  | select * from teacher; |

可以看到`Session A`会对表`teacher`加一个`MDL`读锁，之后`Session B`要加`MDL`写锁会被`blocked`，因为`Session A`的`MDL`读锁还没有释放，而`Session C`要在表`teacher`上新申请`MDL`读锁的请求也会被`Session B`阻塞。前面我们说了，所有对表的增删改查操作都需要先申请`MDL`读锁，就都被阻塞，等于这个表现在完全不可读写了。

#### 2.InnoDB中的行锁

行锁（Row Lock）也称为记录锁，顾名思义，就是锁住某一行（某条记录 row）。需要注意的是，`MySQL`服务器层并没有实现行锁机制，**行级锁只在存储引擎层实现**。

**优点**：锁定粒度小，发生==锁冲突概率低==，可以实现的==并发度高==。

**缺点**：对于==锁的开销比较大==，加锁会比较慢，容易出现==死锁==情况。

`InnoDB`与`MyISAM`的最大不同有两点：一是支持事务（TRANSACTION）；二是采用了行级锁。

首先创建表如下：

```mysql
create table student(
	id int,
    `name` varchar(20),
    `class` varchar(10),
    primary key(id)
);
```

向这个表里插入几条记录：

```mysql
insert into student values
(1, '张三', '一班'),
(3, '李四', '一班'),
(8, '王五', '二班'),
(15, '赵六', '二班'),
(20, '钱七', '三班');
```

`student`表中的聚簇索引的简图如下所示。

![image-20220621171205837](第15章_锁.assets\image-20220621171205837.png)

这里把`B+Tree`的索引结构做了一个超级简化，只把索引中的记录给拿了出来，下面看看都有哪些常用的行锁类型。

##### ① 记录锁（Record Locks）

记录锁也就是仅仅把一条记录锁上，官方的类型名称为：`LOCK_REC_NOT_GAP`。比如把id值为8的那条记录加一个记录锁的示意图如图所示。仅仅是锁住了id值为8的记录，对周围的数据没有影响。

![image-20220621171430673](第15章_锁.assets\image-20220621171430673.png)

举例如下：

![记录锁](第15章_锁.assets\记录锁.png)

记录锁是有S锁和X锁之分的，称为==S型记录锁==和==X型记录锁==。

- 当一个事务获取了一条记录的S型记录锁后，其他事务也可以继续获取该记录的S型记录锁，但不可以继续获取X型记录锁。
- 当一个事务获取了一条记录的X型记录锁后，其他事务既不可以继续获取该记录的S型记录锁，也不可以继续获取X型记录锁。

##### ② 间隙锁（Gap Locks）

`MySQL`在`REPEATABLE READ`隔离级别下是可以解决幻读问题的，解决方案有两种，可以使用`MVCC`方案解决，也可以采用==加锁==方案解决。但是在使用加锁方案解决时有个大问题，就是事务在第一次执行读取操作时，那些幻影记录尚不存在，我们无法给这些==幻影记录==加上==记录锁==。`InnoDB`提出了一种称为`Gap Locks`的锁，官方的类型名称为：`LOCK_GAP`，可以简称为`gap锁`。比如，把id值为8的那条记录加一个gap锁的示意图如下。

![image-20220621172610964](第15章_锁.assets\image-20220621172610964.png)

图中id值为8的记录加了gap锁，意味着==不允许别的事务在id值为8的记录前面的间隙插入新记录==，其实就是id列的值(3, 8)这个区间的新纪录是不允许立即插入的。比如，有另外一个事务再想插入一条id值为4的新纪录，它定位到该条新纪录的下一条记录的id值为8，而这条记录上又有一个gap锁，所以就会阻塞插入操作，直到拥有这个gap锁的事务提交了之后，id列的值在区间(3, 8)中的新纪录才可以被插入。

**gap锁的提出仅仅是为了防止插入幻影记录而提出的**，虽然有==共享gap锁==和==独占gap锁==这样的说法，但是它们起到的作用是相同的。而且如果对一条记录加了gap锁（不论是共享gap锁还是独占gap锁），并不会限制其他事务对这条记录加记录锁或继续加gap锁。

**举例**：

| Session 1                                              | Session 2                                      |
| ------------------------------------------------------ | ---------------------------------------------- |
| select * from student where id = 5 lock in share mode; |                                                |
|                                                        | select * from student where id = 5 for update; |

这里`Session 2`并不会被阻塞。因为表里并没有id=5这个记录，因此`Session 1`加的是间隙锁(3, 8)。而`Session 2`也是在这个间隙加的间隙锁。它们有共同的目标，即：保护这个间隙，不允许插入值。但，它们直接是不冲突的。

注意，给一条记录加了`gap锁`只是==不允许==其他事务往这条记录前面的间隙==插入新记录==，那对于最后一条记录之后的间隙，也就是`student`表中id值为`20`的记录之后的间隙该咋办呢？也就是说给哪条记录加`gap锁`才能阻止其他事务插入id值在(20, 正无穷)这个区间的新记录呢？这时候我们在讲数据页时介绍的两条伪记录派上用场了：

- `Infimum`记录，表示该页面中最小的记录
- `Supremum`记录，表示该页面中最大的记录

为了实现阻止其他事务插入id值在(20, 正无穷)这个区间的新记录，可以给索引中的最后一条记录，也就是id值为20的那条记录所在页面的`Supremum`记录加一个gap锁，如图所示：

![image-20220621175154939](第15章_锁.assets\image-20220621175154939.png)

```mysql
mysql> select * from student where id > 20 lock in share mode;
Empty set (0.01 sec)
```

检测：

```mysql
mysql> select * from performance_schema.data_locks \G
*************************** 1. row ***************************
               ENGINE: INNODB
       ENGINE_LOCK_ID: 140439817844640:1114:140439726419152
ENGINE_TRANSACTION_ID: 421914794555296
            THREAD_ID: 50
             EVENT_ID: 42
        OBJECT_SCHEMA: atguigudb3
          OBJECT_NAME: student
       PARTITION_NAME: NULL
    SUBPARTITION_NAME: NULL
           INDEX_NAME: NULL
OBJECT_INSTANCE_BEGIN: 140439726419152
            LOCK_TYPE: TABLE
            LOCK_MODE: IS
          LOCK_STATUS: GRANTED
            LOCK_DATA: NULL
*************************** 2. row ***************************
               ENGINE: INNODB
       ENGINE_LOCK_ID: 140439817844640:55:4:1:140439726416048
ENGINE_TRANSACTION_ID: 421914794555296
            THREAD_ID: 50
             EVENT_ID: 42
        OBJECT_SCHEMA: atguigudb3
          OBJECT_NAME: student
       PARTITION_NAME: NULL
    SUBPARTITION_NAME: NULL
           INDEX_NAME: PRIMARY
OBJECT_INSTANCE_BEGIN: 140439726416048
            LOCK_TYPE: RECORD
            LOCK_MODE: S
          LOCK_STATUS: GRANTED
            LOCK_DATA: supremum pseudo-record
2 rows in set (0.01 sec)
```

这样就可以阻止其他事务插入id值在(20, 正无穷)这个区间的新纪录。

间隙锁的引入，可能会导致相同的语句锁住更大的范围，这其实是影响了并发度的。下面的例子会产生==死锁==。

| Session 1                                                    | Session 2                                                  |
| ------------------------------------------------------------ | ---------------------------------------------------------- |
| begin;<br />select * from student where id = 5 for update;   | begin;<br />select * from student where id = 5 for update; |
|                                                              | insert into student values(5, ‘gxl’, ‘二班’); #阻塞        |
| insert into student values(5, ‘gxl’, ‘二班’);<br />(ERROR 1213(40001): Deadlock found where trying to get lock; try restarting transaction) |                                                            |

（1）session 1执行`select ... for update`语句，由于id=5这一行并不存在，因此会加上间隙锁(3, 8)；

（2）session 2执行`select ... for update`语句，同样会加上间隙锁(3, 8)，间隙锁之间不会冲突，因此这个语句可以执行成功。

（3）session 2试图插入一行`(5, 'gxl', '二班')`被session 1的间隙锁挡住了，只好进入等待；

（4）session 1试图插入一行`(5, 'gxl', '二班')`被session 2的间隙锁挡住了。至此，两个session进入互相等待状态，形成死锁。当然，`InnoDB`的死锁检测马上就发现了这对死锁关系，让session 1的`insert`语句报错返回。

##### ③ 临键锁（Next-Key Locks）

有时候我们既想==锁住某条记录==，又想==阻止==其他事务在该记录前面的==间隙插入新记录==。所以`InnoDB`就提出了一种称为`Next-Key Locks`的锁，官方的类型名称为：`LOCK_ORDIARY`，我们也可以简称为`next-key锁`。Next-Key Locks是在存储引擎`InnoDB`、事务级别在==可重复读==的情况下使用的数据库锁，`InnoDB`默认的锁就是`Next-Key Locks`。比如，把id值为8的那条记录加一个next-key锁的示意图如下：

![image-20220621184303169](第15章_锁.assets\image-20220621184303169.png)

`next-key锁`的本质就是一个==记录锁==和一个==gap锁==的合体，它既能保护该条记录，又能阻止别的事务将新记录捕入被保护记录前面的==间隙==。

```mysql
begin;
select * from student where id <= 8 and id > 3 for update;
```

##### ④ 插入意向锁（insert intention Locks）

我们说一个事务在==插入==一条记录时需要判断一下插入位置是不是被别的事务加了`gap锁`（`next-key锁`也包含`gap锁`），如果有的话，插入操作需要等待，直到拥有`gap锁`的那个事务提交。但是**InnoDB规定事务在等待的时候也需要在内存中生成一个锁结构**，表明有事务想在某个==间隙==中==插入==新记录，但是现在在等待。`InnoDB`就把这种类型的锁命名为`Insert Intention Locks`，官方的类型名称为：`LOCK_INSERT_INTENTION`，我们称为==插入意向锁==，插入意向锁是一种`gap锁`，不是意向锁，在insert操作时产生。

插入意向锁是在插入一条记录行前，由==INSERT操作产生的一种间隙锁==。该锁用以表示插入意向，当多个事务在同一区间（gap）插入位置不同的多条数据时，事务之间不需要相互等待。假设存在两条值分别为4和7的记录，两个不同的事务分别试图插入值为5和6的两条记录，每个事务在获取插入行上独占的（排他）锁前，都会获取（4, 7）之间的间隙锁，但是因为数据行之间并==不冲突==，所以两个事务之间并不会产生冲突（阻塞等待）。总结来说，插入意向锁的特性可以分成两部分：

（1）插入意向锁是一种==特殊的间隙锁==——间隙锁可以锁定开区间内的部分记录。

（2）插入意向锁之间==互不排斥==，所以即使多个事务在同一区间插入多条记录，只要记录本身（主键、唯一索引）不冲突，那么事务之间就不会出现冲突等待。

注意，虽然插入意向锁中含有意向锁三个字，但是它并不属于意向锁而属于间隙锁，因为意向锁是表锁而插入意向锁是==行锁==。

比如，把id值为8的那条记录加一个插入意向锁的示意图如下：

![image-20220621204929752](第15章_锁.assets\image-20220621204929752.png)

比如，现在T1给id值为8的记录加一个gap锁，然后T2和T3分别想向`student`表中插入id值分别为4、5的两条记录，所以现在id值为8的记录加的锁的示意图就如下所示：

![image-20220621205134379](第15章_锁.assets\image-20220621205134379.png)

从图中可以看到，由于T1持有gap锁，所以T2和T3需要生成一个插入意向锁的锁结构并且处于等待状态。当T1提交后会把它获取到的锁释放掉，这样T2和T3就能获取到对应的插入意向锁了（本质上就是把插入意向锁对应锁结构的`is_waiting`属性改为`false`），T2和T3之间也并不会相互阻塞，它们可以同时获取到id值为8的插入意向锁，然后执行插入操作。事实上，**插入意向锁并不会阻止别的事务继续获取该记录上任何类型的锁**。

#### 3.页锁

页锁就是在==页的粒度==上进行锁定，锁定的数据资源比行锁更多，因为一个页中可以有很多行记录，当使用页锁的时候，会出现数据浪费的现象，但这样的浪费最多也就是一个页上的数据行。**页锁的开销介于表锁和行锁之间，会出现死锁。锁定粒度介于表锁和行锁之间，并发度一般**。

每个层级的锁数量是有限制的，因为锁会占用内存空间，==锁空间的大小是有限的==。当某个层级的锁数量超过了这个层级的阈值时，就会进行==锁升级==。锁升级就是用更大粒度的锁替代多个更小粒度的锁，比如`InnoDB`中行锁升级为表锁，这样做的好处是占用的锁空间降低了，但同时数据的并发度也下降了。

### 3.3 从对待锁的态度划分：乐观锁、悲观锁

从对待锁的态度来看锁的话，可以将锁分为乐观锁和悲观锁，从名字中也可以看出这两种锁是两种看待==数据并发的思维方式==。需要注意的是，乐观锁和悲观锁并不是锁，而是锁的==设计思路==。

#### 1.悲观锁（Pessimistic Locking）

悲观锁是一种思想，顾名思义，就是很悲观，对数据被其他事务的修改保持保守态度，会通过数据库自身的锁机制来实现，从而保证数据操作的排他性。

悲观锁总是假设最坏的情况，每次去拿数据的时候都认为别人会修改，所以每次在拿数据的时候都会上锁，这样别人想拿这个数据就会==阻塞==直到它拿到锁（**共享资源每次只给一个线程使用，其他线程阻塞，用完后再把资源转让给其他线程**）。比如行锁、表锁等，读锁、写锁等都是做操作之前先上锁，当其他线程想要访问数据时，都需要阻塞挂起。`Java`中`synchronized`和`ReentrantLock`等独占锁就是悲观锁思想的实现。

**秒杀案例1**：

商品秒杀过程中，库存数量的减少，避免出现==超卖==的情况。比如，商品表中有一个字段为`quantity`表示当前该商品的库存量。假设商品为华为mate40，id为1001，quantity=100个。如果不使用锁的情况下，操作方法如下所示：

```mysql
# 第一步：查出商品库存
select quantity from items where id = 1001;
# 第二步：如果库存大于0，则根据商品信息生产订单
insert into orders(item_id) values(1001);
# 第三步：修改商品的库存，num表示购买数量
update items set quantity = quantity - num where id = 1001;
```

这样写的话，在并发量小的公司没有大的问题，但是如果在==高并发环境==下可能出现以下问题

|      | 线程A                      | 线程B                      |
| ---- | -------------------------- | -------------------------- |
| 1    | step1（查询还有100部手机） | step1（查询还有100部手机） |
| 2    |                            | step2（生成订单）          |
| 3    | step2（生成订单）          |                            |
| 4    |                            | step3（减库存1）           |
| 5    | step3（减库存2）           |                            |

其中线程B此时已经西单并且减完库存，这个时候线程A仍然去执行step3，就造成了超卖。

使用悲观锁可以解决这个问题，商品信息从查询出来到修改，中间有一个生成订单的过程，使用悲观锁的原理就是，当在查询`items`信息后就把当前的数据锁定，直到修改完毕后再解锁。那么整个过程中，因为数据被锁定了，就不会出现有第三者来对其进行修改了。而这样做的前提是**需要将要执行的SQL语句放在同一个事务中，否则达不到锁定数据行的目的**。

修改如下：

```mysql
# 第一步：查出商品库存
select quantity from items where id = 1001 for update;
# 第二步：如果库存大于0，则根据商品信息生产订单
insert into orders(item_id) values(1001);
# 第三步：修改商品的库存，num表示购买数量
update items set quantity = quantity - num where id = 1001;
```

`select .... for update`是`MySQL`中悲观锁。此时在`items`表中，id为1001的那条数据就被我们锁定了，其他事务要执行`select quantity from items where id = 1001 for update`的语句就必须等本次事务提交之后才能执行，这样保证当前的数据不会被其他事务修改。

注意：**`SELECT ... FOR UPDATE`语句执行过程中所有扫描的行都会被锁上，因此在`MySQL`中用悲观锁必须确定使用了索引，而不是全表扫描，否则将会把整个表锁住**。

悲观锁不适用的场景较多，它存在一些不足，因为悲观锁大多数情况下依靠数据库的锁机制来实现，以保证程序的并发访问性，同时这样对数据库性能开销影响比较大，特别是==长事务==而言，这样的==开销往往无法承受==，这时就需要乐观锁。

#### 2.乐观锁（Optimistic Locking）

乐观锁认为对同一数据的并发操作不会总发生，属于小概率事件，不用每次都对数据上锁，但是在更新的时候会判断一下在此期间别人有没有去更新这个数据，也就是**不采用数据库自身的锁机制，而是通过程序来实现**。在程序上，可以采用==版本号机制==或==CAS机制==实现。**乐观锁适用于多读的应用类型，这样可以提高吞吐量**。在`Java`中`java.util.concurrent.atomic`包下的原子变量类就是使用了乐观锁的一种实现方式：CAS实现的。

**1.乐观锁的版本号机制**

在表中设计一个==版本字段version==，第一次读的时候，会获取`version`字段的取值。然后对数据进行更新或删除操作时，会执行`UPDATE .... SET version = version + 1 WHERE version = version`。此时如果已经有事务对这条数据进行了更改，修改就不会成功。

这种方式类似我们熟悉的`SVN`、`CVS`版本管理系统，当我们修改了代码进行提交时，首先会检查当前版本号与服务器上的版本号是否一致，如果一致就可以直接提交，如果不一致就需要更新服务器上的最新代码，然后再进行提交。

**2.乐观锁的时间戳机制**

时间戳和版本号机制一样，也是在更新提交时，将当前数据的时间戳和更新之前取得的时间戳进行比较，如果两者一致则更新成功，否则就是版本冲突。

乐观锁就是程序员自己控制数据并发操作的权限，基于是通过给数据行增加一个戳（版本号或时间戳），从而证明当前拿到的数据是否最新。

**秒杀案例2**

依然使用上面秒杀的案例，执行流程如下

```mysql
# 第一步：查出商品库存
select quantity from items where id = 1001;
# 第二步：如果库存大于0，则根据商品信息生成订单
insert into orders(item_id) values(1001);
# 第三步：修改商品的库存，num表示购买数量
update items set quantity = quantity-num, version = version+1 where id=1001 and version = #{version};
```

注意，如果数据表是==读写分离==的表，当`master`表中写入的数据没有及时同步到`slave`表中时，会造成更新一直失败的问题。此时需要==强制读取master表==中的数据（即将SELECT语句放到事务中即可，这时候查询的就是master主库了）。

如果对同一条数据进行==频繁的修改==，那么就会出现这么一种场景，每次修改都只有一个事务能更新成功，在业务感知上面就有大量的失败操作。代码修改如下：

```mysql
# 第一步：查出商品库存
select quantity from items where id = 1001;
# 第二步：如果库存大于0，则根据商品信息生成订单
insert into orders(item_id) values(1001);
# 第三步：修改商品的库存，num表示购买数量
update items set quantity = quantity-num where id = 1001 and quantity-num>0;
```

这样就会使每次修改都能成功，而且不会出现超卖的现象。

#### 3.两种锁的适用场景

从中两种锁的设计思路中，总结一下乐观锁和悲观锁的适用场景：

1. ==乐观锁==适合==读操作多==的场景，相对来说写的操作比较少。它的优点在于==程序实现，不存在死锁==问题，不过适用场景也会相对乐观，因为它阻止不了除了程序以外的数据库操作。
2. ==悲观锁==适合==写操作多==的场景，因为写的操作具有==排他性==。采用悲观锁的方式，可以在数据库层阻止其他事务对该数据的操作权限，防止==读-写==和==写-写==的冲突。

我们把乐观锁和悲观锁总结如下图所示：

![image-20220621223806741](第15章_锁.assets\image-20220621223806741.png)

### 3.4 按加锁的方式划分：显示锁、隐式锁

#### 1.隐式锁

一个事务在执行`INSERT`操作时，如果即将插入的==间隙==已经被其他事务加了`gap锁`，那么本次`INSERT`操作会阻塞，并且当前事务会在该间隙上加一个==插入意向锁==，否则一般情况下`INSERT`操作是不加锁的。那如果一个事务首先插入了一条记录（此时并没有在内存产生与该记录关联的锁结构），然后另一个事务：

- 立即使用`SELECT ... LOCK IN SHARE MODE`语句读取这条记录，也就是要获取这条记录的==S锁==，或使用`SELECT ... FOR UPDATE`语句读取这条记录，也就是要获取这条记录的==X锁==，怎么办？

  如果允许这种情况的发生，那么可能产生==脏读==问题。

- 立即修改这条记录，也就是要获取这条记录的==X锁==，怎么办？

  如果允许这种情况的发生，那么可能产生==脏写==问题。

这时候前面提过的==事务id==又要起作用了。把聚簇索引和二级索引中的记录分开看一下：

- **情景一**：对于聚簇索引记录来说，有一个`trx_id`隐藏列，该隐藏列记录着最后改动该记录的==事务id==。那么如果在当前事务中新插入一条聚簇索引记录后，该记录的`trx_id`隐藏列代表的就是当前事务的==事务id==，如果其他事务此时想对该记录添加==S锁==或==X锁==时，首先会看一下该记录的`trx_id`隐藏列代表的事务是否是当前的活跃事务，如果是的话，那么就帮助当前事务创建一个==X锁==（也就是为当前事务创建一个锁结构，`is_waiting`属性是`false`），当然自己进入等待状态（也就是为自己也创建一个锁结构，`is_waiting`属性是`true`）。
- **情景二**：对于二级索引记录来说，本身并没有`trx_id`隐藏列，但是在二级索引页面的`Page Header`部分有一个`PAGE_MAX_TRX_ID`属性，该属性代表对该页面做改动的最大的==事务id==，如果`PAGE_MAX_TRX_ID`属性值小于当前最小的活跃==事务id==，那么说明对该页面做修改的事务都已经提交了，否则就需要在页面中定位到对应的二级索引记录，然后回表找到它对应的聚簇索引记录，然后再重复==情景一==的做法。

即：一个事务对新插入的记录可以不显式的加锁（生成一个锁结构），但是由于==事务id==的存在，相当于加了一个个==隐藏锁==。别的事务在对这条记录加==S锁==或==X锁==时，由于==隐藏锁==的存在，会先帮助当前事务生成一个锁结构，然后自己再生成一个锁结构后进入等待状态。隐式锁是一种==延迟加锁==的机制，从而来减少加锁的数量。

隐式锁在实际内存对象中并不含有这个锁信息。只有当产生锁等待时，隐式锁转化为显式锁。

`InnoDB`的`INSERT`操作，对插入的记录不加锁，但是此时如果另一个线程进行当前读，类似以下的用例，`session 2`会锁等待`session 1`，那么这是如何实现的呢？

**session 1**：

```mysql
mysql> begin;
Query OK, 0 rows affected (0.00 sec)

mysql> insert into student values(34,'周八','二班');
Query OK, 1 row affected (0.00 sec)
```

**session 2**：

```mysql
mysql> begin;
Query OK, 0 rows affected (0.00 sec)

mysql> select * from student lock in share mode; # 执行完，当前事务被阻塞

```

执行下述语句，输出结果

```mysql
mysql> select * from performance_schema.data_lock_waits \G
*************************** 1. row ***************************
                          ENGINE: INNODB
       REQUESTING_ENGINE_LOCK_ID: 140439817848064:55:4:10:140439726441536
REQUESTING_ENGINE_TRANSACTION_ID: 100987
            REQUESTING_THREAD_ID: 57
             REQUESTING_EVENT_ID: 30
REQUESTING_OBJECT_INSTANCE_BEGIN: 140439726441536
         BLOCKING_ENGINE_LOCK_ID: 140439817848920:55:4:10:140439726446960
  BLOCKING_ENGINE_TRANSACTION_ID: 100986
              BLOCKING_THREAD_ID: 57
               BLOCKING_EVENT_ID: 29
  BLOCKING_OBJECT_INSTANCE_BEGIN: 140439726446960
1 row in set (0.00 sec)
```

隐式锁的逻辑过程如下：

A.`InnoDB`的每条记录中都有一个隐含的`trx_id`字段，这个字段存在于聚簇索引的`B+Tree`中。

B.在操作一条记录前，首先根据记录中的`trx_id`检查该事务是否是活动的事务（未提交或回滚）。如果是活动的事务，首先将==隐式锁==转换为==显式锁==（就是为该事务添加一个锁）。

C.检查是否有锁冲突，如果有冲突，创建锁，并设置为`waiting`状态。如果没有冲突不加锁，跳到E。

D.等待加锁成功，被唤醒，或超时。

E.写数据，并将自己的`trx_id`写入`trx_id`字段。

#### 2.显式锁

通过特定的语句进行加锁，一般称为显式加锁，例如：

显式加共享锁：

```mysql
select ... lock in share mode;
```

显式加排他锁：

```mysql
select ... for update;
```

### 3.5 其他锁之：全局锁

全局锁就是堆==整个数据库实例==加锁。当需要让整个库处于==只读状态==的时候，可以使用这个命令，之后其他线程的以下语句会被阻塞：数据更新语句（数据的增删改）、数据定义语句（包括建表、修改表结构等）和更新类事务的提交语句。全局锁的典型使用==场景==是：做==全库逻辑备份==。

全局锁的命令：

```mysql
flush tables with read lock;
```

### 3.6 其他锁之：死锁

#### 1.概念

两个事务都持有对方需要的锁，并且在等待对方释放，并且双方都不会释放自己的锁。

**举例1**：

|      | 事务1                                                | 事务2                                    |
| ---- | ---------------------------------------------------- | ---------------------------------------- |
| 1    | begin;<br />update account set money=100 where id=1; | begin;                                   |
| 2    |                                                      | update account set money=100 where id=2; |
| 3    | update account set money=200 where id=2;             |                                          |
| 4    |                                                      | update account set money=20 where id=1;  |

**举例2**：

用户A给用户B转账100，在此同时，用户B也给用户A转账100。这个过程，可能导致死锁。

```mysql
# 事务1
update account set balance = balance - 100 where `name` = 'A'; # 操作1
update account set balance = balance + 100 where `name` = 'B'; # 操作3

# 事务2
update account set balance = balance - 100 where `name` = 'B'; # 操作2
update account set balance = balance + 100 where `name` = 'A'; # 操作4
```

![image-20220621234955359](第15章_锁.assets\image-20220621234955359.png)

#### 2.产生死锁的必要条件

1. 两个或两个以上事务
2. 每个事务都已经持有锁并且申请新的锁
3. 锁资源同时只能被同一个事务持有或不兼容
4. 事务之间因为持有锁和申请锁导致彼此循环等待

> 死锁的关键在于：两个（或以上）的Session加锁的顺序不一致。

#### 3.如何处理死锁

**方式1**：等待，直到超时（innodb_lock_wait_timeout=50s）。

即当两个事务互相等待时，当一个事务等待时间超过设置的阈值时，就将其==回滚==，另外事务继续执行。这种方法简单有效，在`InnoDB`中，参数`innodb_lock_wait_timeout`用来设置超时时间。

缺点：对于在线服务来说，这个等待时间往往是无法接受的。

那将此值修改短一些，比如1s，0.1s是否合适？不合适，容易误伤到普通的锁等待。

**方式2**：使用死锁检测进行死锁处理

方式1检测死锁太过被动，`InnoDB`还提供了`wait-for graph算法`来主动进行死锁检测，每当加锁请求无法立即满足需要并进入等待时，`wait-for graph算法`都会被触发。

这是一种比较==主动的死锁检测机制==，要求数据库保存==锁的信息链表==和==事务等待链表==两部分信息。

![image-20220622000304487](第15章_锁.assets\image-20220622000304487.png)

基于这两个信息，1可以绘制`wait-for graph`（等待图）

![image-20220622000402857](第15章_锁.assets\image-20220622000402857.png)

> 死锁检测的原理是构建一个以事务为顶点，锁为边的有向图，判断有向图是否存在环，存在即有死锁。

一旦检测到回路、有死锁，这时候`InnoDB`存储引擎会选择==回滚undo量最小的事务==，让其他事务继续执行（`innodb_deadlock_detect=on`表示开启这个逻辑）。

缺点：每个新的被阻塞的线程，都要判断是不是由于自己的加入导致了死锁，这个操作时间复杂度是`O(n)`。如果100个并发线程同时更新同一行，意味着要检测`100*100=1万次`，1万个线程就会有1千万次检测。

**如何解决**

- 方式1：关闭死锁检测，但意味着可能会出现大量的超时，会导致业务有损。
- 方式2：控制并发访问的数量。比如在中间件中实现对于相同行的更新，在进入引擎之前排队，这样在`InnoDB`内部就不会有大量的死锁检测工作。

**进一步的思路**：

可以考虑通过将一行改成逻辑上的多行来减少==锁冲突==。比如，连锁超市账户总额的记录，可以考虑放到多条记录上。账户总额等于这多个记录的值的总和。

#### 4.如何避免死锁

- 合理设计索引，使业务SQL尽可能通过索引定位更少的行，减少锁竞争。
- 调整业务逻辑SQL执行顺序，避免`update/delete`长时间持有锁的SQL在事务前面。
- 避免大事务，尽量将大事务拆分成多个小事务来处理，小事务缩短锁定资源的时间，发生锁冲突的几率也更小。
- 在并发比较高的系统中，不要显式加锁，特别是在事务里显式加锁。如`select ... for update`语句，如果是在事务里运行了`start transaction`或设置了`autocommit`等于0，那么就会锁定所查找到的记录。
- 降低隔离级别。如果业务允许，将隔离级别调低也是较好的选择，比如将隔离级别从RR调整到RC，可以避免很多因为gap锁造成的死锁。

## 4.锁的内存结构

---

前边说对一条记录加锁的本质就是在内存中创建一个==锁结构==与之关联，那么是不是一个事务对多条记录加锁，就要创建多个==锁结构==呢？比如：

```mysql
# 事务T1
select * from `user` lock in share mode;
```

理论上创建多个==锁结构==没问题，但如果一个事务要获取10000条记录的锁，生成10000个锁结构也太崩溃了！所以决定在对不同记录加锁时，如果符合下面这些条件的记录会放到一个==锁结构==中。

- 在同一个事务中进行加锁操作
- 被加锁的记录在同一个页面中
- 加锁的类型是一样的
- 等待状态是一样的

`InnoDB`存储引擎中的==锁结构==如下：

![image-20220622102327839](第15章_锁.assets\image-20220622102327839.png)

结构解析：

==1.锁所在的事务信息==：

不论是==表锁==还是==行锁==，都是在事务执行过程中生成的，哪个事务生成了这个==锁结构==，这里就记录这个事务的信息。

此==锁所在的事务信息==在内存结构中只是一个指针，通过指针可以找到内存中关于该事务的更多信息，比方说事务id等。

==2.索引信息==：

对于==行锁==来说，需要记录一下加锁的记录是属于哪个索引的。这里也是一个指针。

==3.表锁/行锁信息==：

==表锁结构==和==行锁==结构在这个位置的内容是不同的：

- 表锁：

  记录着是对哪个表加的锁，还有其他的一些信息。

- 行锁：

  记录了三个重要的信息：

  - `Space ID`：记录所在表空间

  - `Page Number`：记录所在页号

  - `n_bits`：对于行锁来说，一条记录就对应着一个比特位，一个页面中包含很多记录，用不同的比特位来区分到底是那一条记录加了锁。为此在行锁结构的末尾放置了一堆比特位，这个`n_bits`属性代表使用了多少比特位。

    > `n_bites`的值一般比页面中记录条数多一些。主要是为了之后在页面中插入了新纪录后也不至于重新分配锁结构。

==4.type_mode==：

这是一个32位的数，被分成了`lock_mode`、`lock_type`和`rec_lock_type`三个部分，如图所示：

![image-20220622103318629](第15章_锁.assets\image-20220622103318629.png)

- 锁的模式（lock_mode），占用地4位，可选的值如下：

  - `LOCK_IS`（十进制的0）：表示共享意向锁，也就是`IS锁`。
  - `LOCK_IX`（十进制的1）：表示独占意向锁，也就是`IX锁`。
  - `LOCK_S`（十进制的2）：表示共享锁，也就是`S锁`。
  - `LOCK_X`（十进制的3）：表示独占锁，也就是`X锁`。
  - `LOCK_ATUO_INC`（十进制的4）：表示`AUTO-INC锁`。

  在`InnoDB`存储引擎中，`LOCK_IS, LCOK_IX, LOCK_AUTO_INC`都算是表级锁的模式，`LOCK_S`和`LOCK_X`既可以算是表级锁的模式，也可以是行级锁的模式。

- 锁的类型（lock_type）。占用第5~8位，不过现阶段只有第5位和第6位被使用：
  - `LOCK_TABLE`（十进制的16），也就是当第5个比特位置为1时，表示表级锁。
  - `LOCK_REC`（十进制的32），也就是当第6个比特位置为1时，表示行级锁。

- 行锁的具体类型（rec_lock_type），使用其余的位来表示。只有在`lock_type`的值为`LOCK_REC`时，也就是只有在该锁为行级锁时，才会被细分为更多的类型：
  - `LOCK_ORDINARY`（十进制的0）：表示`next-key锁`。
  - `LOCK_GAP`（十进制的512）：也就是当第10个比特位置为1时，表示`gap锁`。
  - `LOCK_REC_NOT_GAP`（十进制的1024）：也就是当第11个比特位置为1时，表示正经`记录锁`。
  - `LOCK_INSERT_INTENTION`（十进制的2048）：也就是当第12个比特位置为1时，表示插入意向锁。
  - 其他的类型：还有一些不常用的类型略。

- `is_waiting`属性呢？基于内存空间的节省，所以把`is_waiting`属性放到了`type_mode`这个32位的数字中：
  - `LOCK_WAIT`（十进制的256）：当第9个比特位置为1时，表示`is_waiting`为`true`，也就是当前事务尚未获取到锁，处在等待状态；当这个比特位为0时，表示`is_waiting`为`false`，也就是当前事务获取锁成功。

==5.其他信息==：

为了更好的管理系统运行过程中生成的各种锁结构而设计了各种哈希表和链表。

==6.一堆比特位==：

如果是==行锁结构==的话，在该结构末尾还放置了一堆比特位，比特位的数量是由上面提到的`n_bites`属性表示的。`InnoDB`数据页中的每条记录在==记录头信息==中都包含一个`heap_no`属性，伪记录`Infimum`的`heap_no`值为0，`Supremum`的`heap_no`值为1，之后每插入一条记录，`heap_no`值就增1。==锁结构==最后一堆比特位就对应着一个页面中的记录，一个比特位映射一个`heap_no`，即一个比特位映射到页内的一条记录。

## 5.锁监控

---

关于`MySQL`锁的监控，一般可以通过检查`Innodb_row_lock`状态变量来分析系统上的行锁的争夺情况

```mysql
mysql> show status like 'innodb_row_lock%';
+-------------------------------+-------+
| Variable_name                 | Value |
+-------------------------------+-------+
| Innodb_row_lock_current_waits | 0     |
| Innodb_row_lock_time          | 0     |
| Innodb_row_lock_time_avg      | 0     |
| Innodb_row_lock_time_max      | 0     |
| Innodb_row_lock_waits         | 0     |
+-------------------------------+-------+
5 rows in set (0.01 sec)
```

对各个状态量的说明如下：

- `Innodb_row_lock_current_waits`：当前正在等待锁定的数量；
- `Innodb_row_lock_time`：从系统启动到现在锁定总时间长度；（等待总时长）
- `Innodb_row_lock_time_avg`：每次等待所花平均时间；（等待平均时长）
- `Innodb_row_lock_time_max`：从系统启动到现在等待最长的一次所花的时间；
- `Innodb_row_lock_waits`：系统启动后到现在总共等待的次数。（等待总次数）

对于这5个状态变量，比较重要的是第二、三、五。

尤其是当等待次数很高，并且每次等待时长还不小，就需要分析系统中为什么会有如此多的等待，然后根据分析结果着手指定优化计划。

**其他监控方法**：

`MySQL`把事务和锁的信息记录在了`information_schema`库中，涉及到的三张表分别是`INNODB_TRX, INNODB_LOCKS, INNODB_LOCK_WAITS`。

`MySQL 5.7`及之前，可以通过`information_schema.INNODB_LOCKS`查看事务的锁情况，但只能看到阻塞事务的锁；如果事务并未被阻塞，则在该表看不到该事务的锁情况。

`MySQL 8.0`删除了`information_schema.INNODB_LOCKS`，添加了`performance_schema.data_locks`，可以通过`performance_schema.data_locks`查看事务的锁情况，和`MySQL 5.7`及之前不同，`performance_schema.data_locks`不但可以看到阻塞该事务的锁，还可以看到该事务所持有的锁。

同时，`information_schema.INNODB_LOCK_WAITS`也被`performance_schema.data_lock_waits`所替代。

## 6.附录

---

**间隙锁加锁规则（共11个案例）**

间隙锁是在可重复读隔离级别下才会生效的：`next-key lock`实际上是由间隙锁加行锁实现的，如果切换到读提交隔离级别（read-committed）的话，就好理解了，过程中去掉间隙锁的部分，也就是只剩下行锁的部分。而在读提交隔离级别下间隙锁就没有了，为了解决可能出现的数据和日志不一致问题，需要把`binlog`格式设置为`row`。也就是说，许多公司的配置为：读提交隔离级别加`binlog_format=row`。业务不需要可重复读的保证，这样考虑到读提交下操作数据的锁范围更小（没有间隙锁），这个选择是合理的。

`next-key lock`的加锁规则

总结的加锁规则里面，包含了两个"原则"，两个"优化"和一个"bug"。

1. 原则1：加锁的基本单位是`next-key lock`。`next-key lock`是前开后闭区间。
2. 原则2：查找过程中访问到的对象才会加锁。任何辅助索引上的锁，或非索引列上的锁，最终都要回溯到主键上，在主键上也要加一把锁。
3. 优化1：索引上的等值查询，给唯一索引加锁时，`next-key lock`退化为行锁。也就是说如果`InnoDB`扫描的是一个主键，或是一个唯一索引的话，那`InnoDB`只会采用行锁方式来加锁。
4. 优化2：索引上（不一定是唯一索引）的等值查询，向右遍历时且最后一个值不满足等值条件时，`next-key lock`退化为间隙锁。
5. 一个bug：唯一索引上的范围查询会访问到不满足条件的第一个值为止。

以表`test`为例，建表语句和初始化语句如下：其中id为主键索引

```mysql
create table test(
	id int not null primary key,
    col1 int,
    col2 int
    key col1(col1)
);
insert into test values
(0,0,0),(5,5,5),(10,10,10),
(15,15,15),(20,20,20),(25,25,25);
```

**案例一：唯一索引等值查询间隙锁**

| sessionA                                                  | sessionB                                       | sessionC                                                     |
| --------------------------------------------------------- | ---------------------------------------------- | ------------------------------------------------------------ |
| begin;<br />update test set col2 = col2 + 1 where id = 7; |                                                |                                                              |
|                                                           | insert into test values(8,8,8);<br /># blocked |                                                              |
|                                                           |                                                | update test set col2 = col2 + 1 where id = 10;<br /># Query OK |

由于表test中没有id=7的记录

根据原则1，加锁单位是`next-key lock`，`sessionA`加锁范围就是(5, 10]；同时根据优化2，这是一个等值查询(id=7)，而id=10不满足查询条件，`next-key lock`退化成间隙锁，因此最终加锁的范围是(5, 10)。

**案例二：非唯一索引等值查询锁**

| sessionA                                                     | sessionB                                            | sessionC                                      |
| ------------------------------------------------------------ | --------------------------------------------------- | --------------------------------------------- |
| begin;<br />select id from test where col1=5 lock in share mode; |                                                     |                                               |
|                                                              | update test col2=col2+1 where id=5;<br /># Query OK |                                               |
|                                                              |                                                     | insert into test values(7,7,7)<br /># blocked |

这里`sessionA`要给索引`col1`上`col1=5`的这一行加上读锁。

1. 根据原则1，加锁单位是`next-key lock`，左开右闭，5是闭上的，因此会给(0 ,5]加上`next-key lock`。
2. 要注意col1是普通索引，因此仅访问`col1=5`这一条记录是不能马上停下来的（可能有`col1=5`的其他记录），需要向右遍历，查到`col=10`才放弃。根据原则2，访问到的都要加锁，因此药给(5, 10]加`next-key lock`。
3. 但是同时这个符合优化2：等值查询，向右遍历，最后一个值不满足`col1=5`这个等值条件，因此退化成间隙锁(5, 10)。
4. 根据原则2，只有访问到的对象才会加锁，这个查询使用覆盖索引，并不需要访问主键索引，所以主键索引上没有加任何锁，这就是为什么`sessionB`的`update`语句可以执行完成。

但是`sessionC`要插入一个`(7,7,7)`的记录，就会被`sessionA`的间隙锁(5, 10)锁住。这个例子说明，锁是加在索引上的。

执行`for update`时，系统会认为你接下来要更新数据，因此会顺便给主键索引上满足条件的行加上行锁。

如果要用`lock in share mode`来给行加读锁避免数据被更新的话，就必须得绕过覆盖索引的优化，因为覆盖索引不会访问主键索引，不会给主键索引上加锁。

~~**案例三：主键索引范围查询锁**~~

上面两个例子是等值查询的，这个例子是关于范围查询的，也就是说下面的语句

```mysql
select * from test where id = 10 for update;
select * from test where id >= 10 and id = 11 for update;
```

这两条查询语句肯定是等价的，但它们的加锁规则不太一样

| sessionA                                                     | sessionB                                                     | sessionC |
| ------------------------------------------------------------ | ------------------------------------------------------------ | -------- |
| begin;<br />select * from test where id>=10 and id<11 for update; |                                                              |          |
|                                                              | insert into test values(8,8,8)<br /># Query OK<br />insert into test values(13,13,13);<br /># blocked |          |
|                                                              |                                                              |          |
